// Jest Snapshot v1, https://goo.gl/fbAQLP

exports[`Keypad component should render correctly 1`] = `ShallowWrapper {}`;
